stm32f1xx_hal_eth.c:2257:13:ETH_Delay.constprop	8	static,ignoring_inline_asm
stm32f1xx_hal_eth.c:2238:13:ETH_FlushTransmitFIFO	16	static
stm32f1xx_hal_eth.c:1823:13:ETH_MACDMAConfig	16	static
stm32f1xx_hal_eth.c:521:19:HAL_ETH_DMATxDescListInit	24	static
stm32f1xx_hal_eth.c:588:19:HAL_ETH_DMARxDescListInit	28	static
stm32f1xx_hal_eth.c:655:13:HAL_ETH_MspInit	0	static
stm32f1xx_hal_eth.c:670:13:HAL_ETH_MspDeInit	0	static
stm32f1xx_hal_eth.c:485:19:HAL_ETH_DeInit	8	static
stm32f1xx_hal_eth.c:880:19:HAL_ETH_TransmitFrame	20	static
stm32f1xx_hal_eth.c:993:19:HAL_ETH_GetReceivedFrame	12	static
stm32f1xx_hal_eth.c:1073:19:HAL_ETH_GetReceivedFrame_IT	16	static
stm32f1xx_hal_eth.c:1232:13:HAL_ETH_TxCpltCallback	0	static
stm32f1xx_hal_eth.c:1247:13:HAL_ETH_RxCpltCallback	0	static
stm32f1xx_hal_eth.c:1262:13:HAL_ETH_ErrorCallback	0	static
stm32f1xx_hal_eth.c:1158:6:HAL_ETH_IRQHandler	16	static
stm32f1xx_hal_eth.c:1283:19:HAL_ETH_ReadPHYRegister	24	static
stm32f1xx_hal_eth.c:1355:19:HAL_ETH_WritePHYRegister	16	static
stm32f1xx_hal_eth.c:212:19:HAL_ETH_Init	32	static
stm32f1xx_hal_eth.c:1447:19:HAL_ETH_Start	24	static
stm32f1xx_hal_eth.c:1486:19:HAL_ETH_Stop	24	static
stm32f1xx_hal_eth.c:1526:19:HAL_ETH_ConfigMAC	24	static
stm32f1xx_hal_eth.c:1693:19:HAL_ETH_ConfigDMA	24	static
stm32f1xx_hal_eth.c:1798:22:HAL_ETH_GetState	0	static
