user_diskio_spi_sd.c:89:6:SPI_Timer_On	16	static
user_diskio_spi_sd.c:94:9:SPI_Timer_Status	8	static
user_diskio_spi_sd.c:104:6:xchg_spi	32	static
user_diskio_spi_sd.c:116:6:rcvr_spi_multi	32	static
user_diskio_spi_sd.c:130:6:xmit_spi_multi	24	static
user_diskio_spi_sd.c:147:5:wait_ready	32	static
user_diskio_spi_sd.c:174:6:despiselect	8	static
user_diskio_spi_sd.c:188:5:spiselect	8	static
user_diskio_spi_sd.c:205:5:rcvr_datablock	24	static
user_diskio_spi_sd.c:234:5:xmit_datablock	24	static
user_diskio_spi_sd.c:262:6:send_cmd	24	static
user_diskio_spi_sd.c:321:16:USER_SPI_SD_initialize	24	static
user_diskio_spi_sd.c:374:16:USER_SPI_SD_status	4	static
user_diskio_spi_sd.c:385:16:USER_SPI_SD_read	24	static
user_diskio_spi_sd.c:423:16:USER_SPI_SD_write	24	static
user_diskio_spi_sd.c:463:16:USER_SPI_SD_ioctl	56	static
