ethernetif.c:333:14:low_level_output	48	static
ethernetif.c:506:6:ethernetif_input	48	static
ethernetif.c:89:6:HAL_ETH_MspInit	56	static
ethernetif.c:148:6:HAL_ETH_MspDeInit	8	static
ethernetif.c:189:6:HAL_ETH_RxCpltCallback	0	static
ethernetif.c:565:7:ethernetif_init	72	static
ethernetif.c:612:7:sys_jiffies	0	static
ethernetif.c:623:7:sys_now	0	static
ethernetif.c:635:6:ethernetif_set_link	24	static
ethernetif.c:764:13:ethernetif_notify_conn_changed	0	static
ethernetif.c:676:6:ethernetif_update_config	24	static
