usbh_core.c:203:27:DeInitStateMachine	0	static
usbh_core.c:96:21:USBH_Init	64	static
usbh_core.c:178:20:USBH_DeInit	8	static
usbh_core.c:241:20:USBH_RegisterClass	8	static
usbh_core.c:276:20:USBH_SelectInterface	16	static
usbh_core.c:305:9:USBH_GetActiveClass	0	static
usbh_core.c:321:10:USBH_FindInterface	16	static
usbh_core.c:354:10:USBH_FindInterfaceIndex	0	static
usbh_core.c:382:21:USBH_Start	8	static
usbh_core.c:400:21:USBH_Stop	8	static
usbh_core.c:422:20:USBH_ReEnumerate	16	static
usbh_core.c:453:21:USBH_Process	40	static
usbh_core.c:1127:13:USBH_Process_OS	24	static
usbh_core.c:978:7:USBH_LL_SetTimer	0	static
usbh_core.c:990:7:USBH_LL_IncTimer	0	static
usbh_core.c:1018:6:USBH_LL_PortEnabled	0	static
usbh_core.c:1041:6:USBH_LL_PortDisabled	0	static
usbh_core.c:1055:9:USBH_IsPortEnabled	0	static
usbh_core.c:1067:21:USBH_LL_Connect	8	static
usbh_core.c:1093:21:USBH_LL_Disconnect	16	static
usbh_core.c:1164:21:USBH_LL_NotifyURBChange	8	static
