usbh_conf.c:63:6:HAL_HCD_MspInit	16	static
usbh_conf.c:82:6:HAL_HCD_MspDeInit	0	static
usbh_conf.c:106:6:HAL_HCD_SOF_Callback	0	static
usbh_conf.c:116:6:HAL_HCD_Connect_Callback	0	static
usbh_conf.c:126:6:HAL_HCD_Disconnect_Callback	0	static
usbh_conf.c:138:6:HAL_HCD_HC_NotifyURBChange_Callback	0	static
usbh_conf.c:150:6:HAL_HCD_PortEnabled_Callback	0	static
usbh_conf.c:160:6:HAL_HCD_PortDisabled_Callback	0	static
usbh_conf.c:174:20:USBH_LL_Init	8	static
usbh_conf.c:202:20:USBH_LL_DeInit	8	static
usbh_conf.c:219:20:USBH_LL_Start	8	static
usbh_conf.c:236:20:USBH_LL_Stop	8	static
usbh_conf.c:253:19:USBH_LL_GetSpeed	8	static
usbh_conf.c:283:20:USBH_LL_ResetPort	8	static
usbh_conf.c:301:10:USBH_LL_GetLastXferSize	0	static
usbh_conf.c:317:20:USBH_LL_OpenPipe	24	static
usbh_conf.c:337:20:USBH_LL_ClosePipe	8	static
usbh_conf.c:376:20:USBH_LL_SubmitURB	24	static
usbh_conf.c:405:22:USBH_LL_GetURBState	0	static
usbh_conf.c:419:20:USBH_LL_DriverVBUS	8	static
usbh_conf.c:440:20:USBH_LL_SetToggle	0	static
usbh_conf.c:463:9:USBH_LL_GetToggle	0	static
usbh_conf.c:485:6:USBH_Delay	0	static
usbh_conf.c:495:20:USBH_Get_USB_Status	0	static
