sntp.c:265:1:sntp_retry	8	static
sntp.c:335:1:sntp_recv	24	static
sntp.c:436:1:sntp_send_request	16	static
sntp.c:491:1:sntp_request	16	static
sntp.c:468:1:sntp_dns_found	0	static
sntp.c:536:1:sntp_init	8	static
sntp.c:572:1:sntp_stop	8	static
sntp.c:586:6:sntp_enabled	0	static
sntp.c:597:1:sntp_setoperatingmode	8	static
sntp.c:609:1:sntp_getoperatingmode	0	static
sntp.c:637:1:sntp_setserver	0	static
sntp.c:687:1:sntp_getserver	0	static
sntp.c:703:1:sntp_setservername	0	static
sntp.c:718:1:sntp_getservername	0	static
