dhcp.c:214:1:dhcp_inc_pcb_refcount	8	static
dhcp.c:241:1:dhcp_dec_pcb_refcount	8	static
dhcp.c:265:1:dhcp_handle_nak	24	static
dhcp.c:291:1:dhcp_check	24	static
dhcp.c:320:1:dhcp_handle_offer	24	static
dhcp.c:352:1:dhcp_select	40	static
dhcp.c:409:1:dhcp_coarse_tmr	16	static
dhcp.c:449:1:dhcp_fine_tmr	16	static
dhcp.c:483:1:dhcp_timeout	24	static
dhcp.c:530:1:dhcp_t1_timeout	24	static
dhcp.c:558:1:dhcp_t2_timeout	24	static
dhcp.c:585:1:dhcp_handle_ack	24	static
dhcp.c:676:1:dhcp_set_struct	16	static
dhcp.c:697:6:dhcp_cleanup	16	static
dhcp.c:721:1:dhcp_start	24	static
dhcp.c:802:1:dhcp_inform	96	static
dhcp.c:844:1:dhcp_network_changed	24	static
dhcp.c:887:1:dhcp_arp_reply	24	static
dhcp.c:919:1:dhcp_decline	32	static
dhcp.c:961:1:dhcp_discover	40	static
dhcp.c:1017:1:dhcp_bind	40	static
dhcp.c:1127:1:dhcp_renew	40	static
dhcp.c:1179:1:dhcp_rebind	40	static
dhcp.c:1229:1:dhcp_reboot	40	static
dhcp.c:1280:1:dhcp_release	40	static
dhcp.c:1343:1:dhcp_stop	24	static
dhcp.c:1375:1:dhcp_set_state	16	static
dhcp.c:1390:1:dhcp_option	16	static
dhcp.c:1401:1:dhcp_option_byte	16	static
dhcp.c:1408:1:dhcp_option_short	24	static
dhcp.c:1416:1:dhcp_option_long	24	static
dhcp.c:1460:1:dhcp_parse_reply	64	static
dhcp.c:1678:1:dhcp_recv	48	static
dhcp.c:1802:1:dhcp_create_msg	40	static
dhcp.c:1899:1:dhcp_delete_msg	16	static
dhcp.c:1920:1:dhcp_option_trailer	16	static
dhcp.c:1941:1:dhcp_supplied_address	24	static
