main.c:654:6:next_callback	8	static
main.c:671:6:StartMainTask	16	static
main.c:745:6:StartIoTask	16	static
main.c:195:6:SystemClock_Config	128	static,ignoring_inline_asm
main.c:107:5:main	96	static,ignoring_inline_asm
main.c:564:5:_write	8	static
main.c:578:6:usb_write	560	static
main.c:602:6:rtc_set_with_ntp_timstamp	64	static
main.c:628:11:rtc_get_time	32	static
main.c:647:8:rtc_get_timestamp	48	static
main.c:779:6:HAL_TIM_PeriodElapsedCallback	0	static
main.c:796:6:Error_Handler	0	static,ignoring_inline_asm
