spiram.c:43:13:spiram_setmode	24	static
spiram.c:32:6:spiram_init	8	static
spiram.c:52:6:spiram_clear	24	static
spiram.c:69:6:spiram_writebyte	32	static
spiram.c:81:9:spiram_readbyte	24	static
spiram.c:95:6:spiram_writearray	32	static
spiram.c:107:6:spiram_readarray	32	static
spiram.c:119:6:spiram_write_array_to_ringbuffer	48	static
spiram.c:148:10:spiram_read_array_from_ringbuffer	56	static
spiram.c:184:6:spiram_clear_ringbuffer	0	static
spiram.c:189:10:spiram_get_remaining_space_in_ringbuffer	0	static
spiram.c:193:10:spiram_get_num_of_bytes_in_ringbuffer	8	static
