stm32f1xx_hal_msp.c:64:6:HAL_MspInit	16	static
stm32f1xx_hal_msp.c:92:6:HAL_CRC_MspInit	8	static
stm32f1xx_hal_msp.c:114:6:HAL_CRC_MspDeInit	0	static
stm32f1xx_hal_msp.c:136:6:HAL_RTC_MspInit	16	static
stm32f1xx_hal_msp.c:161:6:HAL_RTC_MspDeInit	0	static
stm32f1xx_hal_msp.c:183:6:HAL_SPI_MspInit	48	static
stm32f1xx_hal_msp.c:255:6:HAL_SPI_MspDeInit	0	static
stm32f1xx_hal_msp.c:304:6:HAL_TIM_Base_MspInit	8	static
stm32f1xx_hal_msp.c:326:6:HAL_TIM_Base_MspDeInit	0	static
stm32f1xx_hal_msp.c:348:6:HAL_UART_MspInit	32	static
stm32f1xx_hal_msp.c:387:6:HAL_UART_MspDeInit	0	static
