vs1003.c:123:10:VS1003_read_register	24	static
vs1003.c:139:6:VS1003_write_register	16	static
vs1003.c:153:6:VS1003_sdi_send_buffer	24	static
vs1003.c:169:6:VS1003_sdi_send_zeroes	24	static
vs1003.c:183:6:VS1003_begin	8	static
vs1003.c:241:6:VS1003_setVolume	24	static
vs1003.c:251:6:VS1003_startSong	8	static
vs1003.c:257:6:VS1003_playChunk	16	static
vs1003.c:263:6:VS1003_stopSong	8	static
vs1003.c:269:6:VS1003_print_byte_register	48	static
vs1003.c:276:6:VS1003_printDetails	16	static
vs1003.c:285:6:VS1003_loadUserCode	24	static
vs1003.c:307:22:await_data_request	8	static
vs1003.c:311:22:control_mode_on	8	static
vs1003.c:316:22:control_mode_off	8	static
vs1003.c:320:22:data_mode_on	8	static
vs1003.c:325:22:data_mode_off	8	static
vs1003.c:329:18:VS1003_SPI_transfer	32	static
