vs1003.c:628:20:control_mode_on	8	static
vs1003.c:637:20:data_mode_on	8	static
vs1003.c:642:20:data_mode_off	0	static
vs1003.c:656:16:VS1003_SPI_transfer	32	static
vs1003.c:624:20:await_data_request	8	static
vs1003.c:221:6:VS1003_sdi_send_chunk.part.0	16	static
vs1003.c:245:19:VS1003_feed_from_buffer	40	static,ignoring_inline_asm
vs1003.c:175:10:VS1003_read_register	8	static
vs1003.c:191:6:VS1003_write_register	16	static
vs1003.c:205:6:VS1003_sdi_send_buffer	24	static
vs1003.c:221:6:VS1003_sdi_send_chunk	0	static
vs1003.c:231:6:VS1003_sdi_send_zeroes	16	static
vs1003.c:650:13:VS1003_stopPlaying	8	static
vs1003.c:551:6:VS1003_setVolume	0	static
vs1003.c:561:6:VS1003_playChunk	0	static
vs1003.c:567:6:VS1003_print_byte_register	24	static
vs1003.c:574:6:VS1003_printDetails	8	static
vs1003.c:493:6:VS1003_begin	16	static
vs1003.c:583:6:VS1003_loadUserCode	48	static
vs1003.c:741:6:VS1003_play_http_stream	24	static
vs1003.c:776:6:VS1003_play_file	16	static
vs1003.c:804:6:VS1003_stop	16	static
vs1003.c:712:6:VS1003_play_next_audio_file_from_directory.part.4	368	static
vs1003.c:712:6:VS1003_play_next_audio_file_from_directory	0	static
vs1003.c:264:6:VS1003_handle	64	static
vs1003.c:791:6:VS1003_play_dir	8	static
vs1003.c:757:6:VS1003_play_next_http_stream_from_list	16	static
vs1003.c:604:6:VS1003_play_next	8	static
vs1003.c:832:6:VS1003_setLoop	0	static
vs1003.c:836:9:VS1003_getLoop	0	static
